
> taste-lens@0.1.0 build
> next build

▲ Next.js 16.3.5 (Turbopack)
- Environments: .env.local
✓ Running next.config took 14ms

  Creating an optimized production build ...
✓ Compiled successfully in 919ms
  Running TypeScript ...
  Finished TypeScript in 3.0s ...
  Collecting page data using 5 workers ...
  Generating static pages using 5 workers (0/4) ...
  Generating static pages using 5 workers (1/4) 
  Generating static pages using 5 workers (2/4) 
  Generating static pages using 5 workers (3/4) 
✓ Generating static pages using 5 workers (4/4) in 396ms
  Finalizing page optimization ...

Route (app)
┌ ○ /
├ ○ /_not-found
└ ƒ /api/weather


○  (Static)   prerendered as static content
ƒ  (Dynamic)  server-rendered on demand

